2025-12-24 17:32:27 [error]: SyntaxError: Unexpected token ! in JSON at position 57
    at JSON.parse (<anonymous>)
    at parse (/Users/timdunn/tourist_app/backend/node_modules/body-parser/lib/types/json.js:92:19)
    at /Users/timdunn/tourist_app/backend/node_modules/body-parser/lib/read.js:128:18
    at AsyncResource.runInAsyncScope (node:async_hooks:199:9)
    at invokeCallback (/Users/timdunn/tourist_app/backend/node_modules/raw-body/index.js:238:16)
    at done (/Users/timdunn/tourist_app/backend/node_modules/raw-body/index.js:227:7)
    at IncomingMessage.onEnd (/Users/timdunn/tourist_app/backend/node_modules/raw-body/index.js:287:7)
    at IncomingMessage.emit (node:events:402:35)
    at endReadableNT (node:internal/streams/readable:1343:12)
    at processTicksAndRejections (node:internal/process/task_queues:83:21)
2025-12-24 18:37:39 [error]: SyntaxError: Unexpected token ! in JSON at position 57
    at JSON.parse (<anonymous>)
    at parse (/Users/timdunn/tourist_app/backend/node_modules/body-parser/lib/types/json.js:92:19)
    at /Users/timdunn/tourist_app/backend/node_modules/body-parser/lib/read.js:128:18
    at AsyncResource.runInAsyncScope (node:async_hooks:199:9)
    at invokeCallback (/Users/timdunn/tourist_app/backend/node_modules/raw-body/index.js:238:16)
    at done (/Users/timdunn/tourist_app/backend/node_modules/raw-body/index.js:227:7)
    at IncomingMessage.onEnd (/Users/timdunn/tourist_app/backend/node_modules/raw-body/index.js:287:7)
    at IncomingMessage.emit (node:events:402:35)
    at endReadableNT (node:internal/streams/readable:1343:12)
    at processTicksAndRejections (node:internal/process/task_queues:83:21)
2025-12-24 18:38:56 [error]: SyntaxError: Unexpected token ! in JSON at position 57
    at JSON.parse (<anonymous>)
    at parse (/Users/timdunn/tourist_app/backend/node_modules/body-parser/lib/types/json.js:92:19)
    at /Users/timdunn/tourist_app/backend/node_modules/body-parser/lib/read.js:128:18
    at AsyncResource.runInAsyncScope (node:async_hooks:199:9)
    at invokeCallback (/Users/timdunn/tourist_app/backend/node_modules/raw-body/index.js:238:16)
    at done (/Users/timdunn/tourist_app/backend/node_modules/raw-body/index.js:227:7)
    at IncomingMessage.onEnd (/Users/timdunn/tourist_app/backend/node_modules/raw-body/index.js:287:7)
    at IncomingMessage.emit (node:events:402:35)
    at endReadableNT (node:internal/streams/readable:1343:12)
    at processTicksAndRejections (node:internal/process/task_queues:83:21)
